
> temp-scaffold@0.1.0 build
> next build

ÔÜá Warning: Next.js inferred your workspace root, but it may not be correct.
 We detected multiple lockfiles and selected the directory of C:\Users\CLIENTE\Desktop\package-lock.json as the root directory.
 To silence this warning, set `turbopack.root` in your Next.js config, or consider removing one of the lockfiles if it's not needed.
   See https://nextjs.org/docs/app/api-reference/config/next-config-js/turbopack#root-directory for more information.
 Detected additional lockfiles: 
   * C:\Users\CLIENTE\Desktop\manifold\package-lock.json

Ôû▓ Next.js 16.1.6 (Turbopack)
- Environments: .env.local

  Creating an optimized production build ...
Ô£ô Compiled successfully in 3.3s
  Running TypeScript ...
  Collecting page data using 15 workers ...
  Generating static pages using 15 workers (0/13) ...
  Generating static pages using 15 workers (3/13) 
  Generating static pages using 15 workers (6/13) 
  Generating static pages using 15 workers (9/13) 
Ô£ô Generating static pages using 15 workers (13/13) in 393.5ms
  Finalizing page optimization ...

Route (app)
Ôöî Ôùï /
Ôö£ Ôùï /_not-found
Ôö£ ãÆ /api/app
Ôö£ ãÆ /api/encode
Ôö£ ãÆ /api/interview
Ôö£ ãÆ /api/pay
Ôö£ ãÆ /api/qr
Ôö£ ãÆ /api/seed/[instance_id]
Ôö£ ãÆ /api/topology
Ôö£ ãÆ /app/[app_id]
Ôö£ ãÆ /app/[app_id]/[role]
Ôö£ Ôùï /build
Ôö£ Ôùï /dashboard
Ôö£ Ôùï /scan
Ôö£ ãÆ /sign-in/[[...sign-in]]
Ôöö ãÆ /sign-up/[[...sign-up]]


Ôùï  (Static)   prerendered as static content
ãÆ  (Dynamic)  server-rendered on demand

